// Jest Snapshot v1, https://goo.gl/fbAQLP

exports[`CustomButton compare snapshot 1`] = `
<View
  accessibilityRole="button"
  accessibilityState={
    {
      "busy": undefined,
      "checked": undefined,
      "disabled": undefined,
      "expanded": undefined,
      "selected": undefined,
    }
  }
  accessibilityValue={
    {
      "max": undefined,
      "min": undefined,
      "now": undefined,
      "text": undefined,
    }
  }
  accessible={true}
  collapsable={false}
  focusable={true}
  onClick={[Function]}
  onResponderGrant={[Function]}
  onResponderMove={[Function]}
  onResponderRelease={[Function]}
  onResponderTerminate={[Function]}
  onResponderTerminationRequest={[Function]}
  onStartShouldSetResponder={[Function]}
  style={
    {
      "backgroundColor": "#2E61DE",
      "borderRadius": 8,
      "marginRight": 8,
      "opacity": 1,
      "paddingHorizontal": 16,
      "paddingVertical": 8,
    }
  }
  testID="custom-btn"
>
  <Text
    button={true}
    style={
      [
        {
          "backgroundColor": "transparent",
          "color": "#20303C",
          "writingDirection": "ltr",
        },
        undefined,
        {
          "color": "#FFFFFF",
        },
        undefined,
        undefined,
        {},
        {
          "textAlign": "center",
        },
        undefined,
        undefined,
        undefined,
      ]
    }
    white={true}
  >
    mock
  </Text>
</View>
`;
