// Jest Snapshot v1, https://goo.gl/fbAQLP

exports[`UserDetailPresenter renders correctly 1`] = `
<View
  style={
    [
      undefined,
      undefined,
      undefined,
      undefined,
      undefined,
      undefined,
      undefined,
      undefined,
      [
        {
          "backgroundColor": "#FFFFFF",
          "flex": 1,
          "justifyContent": "space-between",
        },
        {
          "paddingTop": 0,
        },
        {},
      ],
    ]
  }
  testID="user-detail-container"
>
  <View
    style={
      [
        undefined,
        undefined,
        undefined,
        undefined,
        undefined,
        undefined,
        undefined,
        undefined,
        [
          {
            "paddingBottom": 24,
            "paddingTop": 16,
          },
          {
            "paddingHorizontal": 24,
          },
          {},
        ],
      ]
    }
    testID="container-main-view"
  >
    <View
      style={
        [
          undefined,
          undefined,
          undefined,
          undefined,
          undefined,
          undefined,
          undefined,
          undefined,
          {
            "alignItems": "flex-start",
            "display": "flex",
            "flexDirection": "column",
            "height": "100%",
          },
        ]
      }
    >
      <View
        style={
          [
            undefined,
            undefined,
            undefined,
            undefined,
            undefined,
            undefined,
            undefined,
            undefined,
            {
              "display": "flex",
              "flexGrow": 1,
              "width": "100%",
            },
          ]
        }
      >
        <View
          row={true}
          style={
            [
              undefined,
              undefined,
              undefined,
              undefined,
              undefined,
              {},
              {},
              {
                "flexDirection": "row",
              },
              {
                "alignItems": "flex-start",
                "alignSelf": "center",
                "height": 40,
                "width": 702,
              },
            ]
          }
        >
          <View
            accessibilityRole="button"
            accessibilityState={
              {
                "busy": undefined,
                "checked": undefined,
                "disabled": undefined,
                "expanded": undefined,
                "selected": undefined,
              }
            }
            accessibilityValue={
              {
                "max": undefined,
                "min": undefined,
                "now": undefined,
                "text": undefined,
              }
            }
            accessible={true}
            collapsable={false}
            focusable={true}
            onClick={[Function]}
            onResponderGrant={[Function]}
            onResponderMove={[Function]}
            onResponderRelease={[Function]}
            onResponderTerminate={[Function]}
            onResponderTerminationRequest={[Function]}
            onStartShouldSetResponder={[Function]}
            style={
              {
                "alignItems": "center",
                "flexDirection": "row",
                "justifyContent": "center",
                "opacity": 1,
              }
            }
            testID="back-btn"
          >
            <Text />
            <View
              style={
                [
                  undefined,
                  undefined,
                  undefined,
                  undefined,
                  undefined,
                  undefined,
                  undefined,
                  undefined,
                  [
                    {
                      "backgroundColor": "transparent",
                      "height": 8,
                      "width": 8,
                    },
                    undefined,
                  ],
                ]
              }
              testID="padder-view"
            />
            <Text
              body={true}
              style={
                [
                  {
                    "backgroundColor": "transparent",
                    "color": "#20303C",
                    "writingDirection": "ltr",
                  },
                  undefined,
                  undefined,
                  undefined,
                  undefined,
                  {},
                  {
                    "textAlign": "center",
                  },
                  undefined,
                  undefined,
                  undefined,
                ]
              }
            >
              Back
            </Text>
          </View>
          <View
            center={true}
            style={
              [
                undefined,
                undefined,
                undefined,
                {
                  "flex": 1,
                },
                undefined,
                {},
                {},
                {
                  "alignItems": "center",
                  "justifyContent": "center",
                },
                undefined,
              ]
            }
          >
            <Text
              h5={true}
              marginR-s8={true}
              style={
                [
                  {
                    "backgroundColor": "transparent",
                    "color": "#20303C",
                    "writingDirection": "ltr",
                  },
                  undefined,
                  undefined,
                  undefined,
                  undefined,
                  {
                    "marginRight": 32,
                  },
                  undefined,
                  undefined,
                  undefined,
                  undefined,
                ]
              }
            >
              User Detail
            </Text>
          </View>
        </View>
      </View>
    </View>
  </View>
</View>
`;
